// Jest Snapshot v1, https://goo.gl/fbAQLP

exports[`LoginForm shows the correct snapshot tree for the LoginForm component 1`] = `
<form
  className="css-15dx3ku"
  onSubmit={[Function]}
>
  <input
    className="css-zof107"
    name="email"
    onChange={[Function]}
    placeholder="Email"
    value=""
  />
  <input
    autoComplete="current-password"
    className="css-zof107"
    name="password"
    onChange={[Function]}
    placeholder="Password"
    type="password"
    value=""
  />
  <button
    className="css-bjolns"
    type="submit"
  >
    Login
  </button>
</form>
`;
