// Jest Snapshot v1, https://goo.gl/fbAQLP

exports[`Main shows the correct snapshot tree for the Main component 1`] = `
Array [
  <div
    className="css-1b2b698"
  >
    <div
      className="css-1bbbaa"
      height="100%"
    >
      <p>
        Hi! 
      </p>
      <button
        className="css-bjolns"
        onClick={[Function]}
      >
        Logout
      </button>
    </div>
  </div>,
  <div
    className="css-1ylfck5"
  >
    <div>
      <div />
    </div>
    <div />
  </div>,
]
`;
